08:20:16 **** Incremental Build of configuration Debug for project lab5.1 ****
make -j4 all 
arm-none-eabi-gcc "../Core/Src/main.c" -mcpu=cortex-m3 -std=gnu11 -g3 -DDEBUG -DUSE_HAL_DRIVER -DSTM32F103x6 -c -I../Core/Inc -I../Drivers/STM32F1xx_HAL_Driver/Inc -I../Drivers/STM32F1xx_HAL_Driver/Inc/Legacy -I../Drivers/CMSIS/Device/ST/STM32F1xx/Include -I../Drivers/CMSIS/Include -O0 -ffunction-sections -fdata-sections -Wall -fstack-usage -MMD -MP -MF"Core/Src/main.d" -MT"Core/Src/main.o" --specs=nano.specs -mfloat-abi=soft -mthumb -o "Core/Src/main.o"
arm-none-eabi-gcc -o "lab5.1.elf" @"objects.list"   -mcpu=cortex-m3 -T"D:\VXL\GIT_STM32_LAB5\lab5.1\STM32F103C6TX_FLASH.ld" --specs=nosys.specs -Wl,-Map="lab5.1.map" -Wl,--gc-sections -static --specs=nano.specs -mfloat-abi=soft -mthumb -Wl,--start-group -lc -lm -Wl,--end-group
Finished building target: lab5.1.elf
 
arm-none-eabi-size   lab5.1.elf 
arm-none-eabi-objdump -h -S  lab5.1.elf  > "lab5.1.list"
   text	   data	    bss	    dec	    hex	filename
  16756	    132	   1948	  18836	   4994	lab5.1.elf
arm-none-eabi-objcopy  -O ihex  lab5.1.elf  "lab5.1.hex"
Finished building: default.size.stdout
arm-none-eabi-objcopy  -O binary  lab5.1.elf  "lab5.1.bin"
 
Finished building: lab5.1.hex
Finished building: lab5.1.bin
 
 
Finished building: lab5.1.list
 
